// Jest Snapshot v1, https://goo.gl/fbAQLP

exports[`#setSearchTerm returns an action object 1`] = `
Object {
  "payload": "New York",
  "type": "SET_SEARCH_TERM",
}
`;
